[code.themepitcher.com/nogor/index.html]
[backblue.gif]
[fade.gif]
[index.html]
[code.themepitcher.com/nogor/assets/images/favicon.png]
[code.themepitcher.com/nogor/assets/css/animate.css]
[code.themepitcher.com/nogor/assets/css/bootstrap.min.css]
[code.themepitcher.com/nogor/assets/css/magnific-popup.css]
[code.themepitcher.com/nogor/assets/css/meanmenu.css]
[code.themepitcher.com/nogor/assets/css/remixicon.css]
[code.themepitcher.com/nogor/assets/css/slick.css]
[code.themepitcher.com/nogor/assets/css/style.css]
[code.themepitcher.com/nogor/index-2.html]
[code.themepitcher.com/nogor/assets/images/logo.png]
[code.themepitcher.com/nogor/home-2.html]
[code.themepitcher.com/nogor/service.html]
[code.themepitcher.com/nogor/service-details.html]
[code.themepitcher.com/nogor/project.html]
[code.themepitcher.com/nogor/project-details.html]
[code.themepitcher.com/nogor/blog.html]
[code.themepitcher.com/nogor/blog-details.html]
[code.themepitcher.com/nogor/about.html]
[code.themepitcher.com/nogor/team.html]
[code.themepitcher.com/nogor/team-details.html]
[code.themepitcher.com/nogor/pricing.html]
[code.themepitcher.com/nogor/contact.html]
[code.themepitcher.com/nogor/404.html]
[code.themepitcher.com/nogor/assets/images/hero-bg.png]
[code.themepitcher.com/nogor/assets/images/icon-1.png]
[code.themepitcher.com/nogor/assets/images/hero-1.png]
[code.themepitcher.com/nogor/assets/images/hero-2.png]
[code.themepitcher.com/nogor/assets/images/about-1.png]
[code.themepitcher.com/nogor/assets/images/about-2.png]
[code.themepitcher.com/nogor/assets/images/icon-2.png]
[code.themepitcher.com/nogor/assets/images/icon-3.png]
[code.themepitcher.com/nogor/assets/images/icon-4.png]
[code.themepitcher.com/nogor/assets/images/icon-5.png]
[code.themepitcher.com/nogor/assets/images/icon-6.png]
[code.themepitcher.com/nogor/assets/images/icon-7.png]
[code.themepitcher.com/nogor/assets/images/icon-8.png]
[code.themepitcher.com/nogor/assets/images/icon-9.png]
[code.themepitcher.com/nogor/assets/images/icon-10.png]
[code.themepitcher.com/nogor/assets/images/icon-11.png]
[code.themepitcher.com/nogor/assets/images/icon-12.png]
[code.themepitcher.com/nogor/assets/images/icon-13.png]
[code.themepitcher.com/nogor/assets/images/icon-14.png]
[code.themepitcher.com/nogor/assets/images/icon-16.png]
[code.themepitcher.com/nogor/assets/images/counter.png]
[code.themepitcher.com/nogor/assets/images/card-bg.png]
[code.themepitcher.com/nogor/assets/images/icon-15.png]
[code.themepitcher.com/nogor/assets/images/service-bg.png]
[code.themepitcher.com/nogor/assets/images/reviewer-1.png]
[code.themepitcher.com/nogor/assets/images/icon-17.png]
[code.themepitcher.com/nogor/assets/images/reviewer-2.png]
[code.themepitcher.com/nogor/assets/images/project-slide-1.png]
[code.themepitcher.com/nogor/assets/images/project-slide-2.png]
[code.themepitcher.com/nogor/assets/images/project-slide-3.png]
[code.themepitcher.com/nogor/assets/images/project-slide-4.png]
[code.themepitcher.com/nogor/assets/images/project-slide-5.png]
[code.themepitcher.com/nogor/assets/images/cta-bg.png]
[code.themepitcher.com/nogor/assets/images/cta.png]
[code.themepitcher.com/nogor/assets/images/faq-bg.png]
[code.themepitcher.com/nogor/assets/images/faq.png]
[code.themepitcher.com/nogor/assets/images/blog-1.png]
[code.themepitcher.com/nogor/assets/images/blog-2.png]
[code.themepitcher.com/nogor/assets/images/blog-3.png]
[code.themepitcher.com/nogor/assets/images/footer-bg.png]
[code.themepitcher.com/nogor/assets/js/jquery-3.7.1.min.js]
[code.themepitcher.com/nogor/assets/js/bootstrap.min.js]
[code.themepitcher.com/nogor/assets/js/counterup.min.js]
[code.themepitcher.com/nogor/assets/js/easing.min.js]
[code.themepitcher.com/nogor/assets/js/magnific-popup.js]
[code.themepitcher.com/nogor/assets/js/meanmenu.min.js]
[code.themepitcher.com/nogor/assets/js/slick.min.js]
[code.themepitcher.com/nogor/assets/js/waypoints.min.js]
[code.themepitcher.com/nogor/assets/js/wow.min.js]
[code.themepitcher.com/nogor/assets/js/main.js]
[code.themepitcher.com/nogor/index.html]
[code.themepitcher.com/nogor/assets/css/animate.css]
[code.themepitcher.com/nogor/assets/css/bootstrap.min.css]
[code.themepitcher.com/nogor/assets/css/magnific-popup.css]
[code.themepitcher.com/nogor/assets/css/meanmenu.css]
[code.themepitcher.com/nogor/assets/fonts/remixicon0c93.woff2]
[code.themepitcher.com/nogor/assets/fonts/remixicon0c93.woff]
[code.themepitcher.com/nogor/assets/fonts/remixicon0c93.ttf]
[code.themepitcher.com/nogor/assets/css/remixicon.css]
[code.themepitcher.com/nogor/assets/css/slick.css]
[code.themepitcher.com/nogor/assets/images/hero-pattern.png]
[code.themepitcher.com/nogor/assets/images/dashed-underline.png]
[code.themepitcher.com/nogor/assets/images/line-shape.png]
[code.themepitcher.com/nogor/assets/css/style.css]
[code.themepitcher.com/nogor/index-2.html]
[code.themepitcher.com/nogor/assets/images/hero-bg-2.png]
[code.themepitcher.com/nogor/assets/images/about-3.png]
[code.themepitcher.com/nogor/assets/images/about-4.png]
[code.themepitcher.com/nogor/assets/images/service-bg-2.png]
[code.themepitcher.com/nogor/assets/images/icon-18.png]
[code.themepitcher.com/nogor/assets/images/icon-19.png]
[code.themepitcher.com/nogor/assets/images/project-7.png]
[code.themepitcher.com/nogor/assets/images/project-8.png]
[code.themepitcher.com/nogor/assets/images/project-5.png]
[code.themepitcher.com/nogor/assets/images/project-6.png]
[code.themepitcher.com/nogor/assets/images/faq-2.png]
[code.themepitcher.com/nogor/assets/images/icon-20.png]
[code.themepitcher.com/nogor/assets/images/popular-badge.png]
[code.themepitcher.com/nogor/assets/images/team-bg.png]
[code.themepitcher.com/nogor/assets/images/icon-21.png]
[code.themepitcher.com/nogor/assets/images/footer-bg-2.png]
[code.themepitcher.com/nogor/home-2.html]
[code.themepitcher.com/nogor/assets/images/breadcrumb-bg.png]
[code.themepitcher.com/nogor/assets/images/icon-22.png]
[code.themepitcher.com/nogor/service.html]
[code.themepitcher.com/nogor/assets/images/service-1.png]
[code.themepitcher.com/nogor/assets/images/service-2.png]
[code.themepitcher.com/nogor/service-details.html]
[code.themepitcher.com/nogor/assets/images/project-1.png]
[code.themepitcher.com/nogor/assets/images/project-2.png]
[code.themepitcher.com/nogor/assets/images/project-3.png]
[code.themepitcher.com/nogor/assets/images/project-4.png]
[code.themepitcher.com/nogor/project.html]
[code.themepitcher.com/nogor/project-details.html]
[code.themepitcher.com/nogor/assets/images/recent-post-1.png]
[code.themepitcher.com/nogor/assets/images/recent-post-2.png]
[code.themepitcher.com/nogor/assets/images/recent-post-3.png]
[code.themepitcher.com/nogor/blog.html]
[code.themepitcher.com/nogor/assets/images/blog-details.png]
[code.themepitcher.com/nogor/assets/images/author-1.png]
[code.themepitcher.com/nogor/assets/images/author-2.png]
[code.themepitcher.com/nogor/blog-details.html]
[code.themepitcher.com/nogor/about.html]
[code.themepitcher.com/nogor/assets/images/team-1.jpg]
[code.themepitcher.com/nogor/assets/images/team-2.jpg]
[code.themepitcher.com/nogor/assets/images/team-3.jpg]
[code.themepitcher.com/nogor/assets/images/team-4.jpg]
[code.themepitcher.com/nogor/assets/images/team-5.jpg]
[code.themepitcher.com/nogor/assets/images/team-6.jpg]
[code.themepitcher.com/nogor/team.html]
[code.themepitcher.com/nogor/team-details.html]
[code.themepitcher.com/nogor/pricing.html]
[code.themepitcher.com/nogor/contact.html]
[code.themepitcher.com/nogor/404.html]
[code.themepitcher.com/nogor/assets/fonts/remixicon0c93.html]
[code.themepitcher.com/nogor/assets/fonts/remixicon0c93-2.html]
